node_modules/expo/tsconfig.base.json(10,15): error TS6046: Argument for '--module' option must be: 'none', 'commonjs', 'amd', 'system', 'umd', 'es6', 'es2015', 'es2020', 'es2022', 'esnext', 'node16', 'nodenext'.
src/screens/LaundryScreen.tsx(156,11): error TS17002: Expected corresponding JSX closing tag for 'SafeAreaView'.
src/screens/LaundryScreen.tsx(158,13): error TS1005: ')' expected.
src/screens/LaundryScreen.tsx(226,9): error TS1128: Declaration or statement expected.
src/screens/LaundryScreen.tsx(227,5): error TS1109: Expression expected.
src/screens/LaundryScreen.tsx(228,1): error TS1128: Declaration or statement expected.
src/screens/NotificationsScreen.tsx(115,7): error TS17002: Expected corresponding JSX closing tag for 'SafeAreaView'.
src/screens/NotificationsScreen.tsx(116,5): error TS1005: ')' expected.
src/screens/NotificationsScreen.tsx(117,3): error TS1109: Expression expected.
src/screens/NotificationsScreen.tsx(118,1): error TS1128: Declaration or statement expected.
src/screens/OrderTrackingScreen.tsx(160,11): error TS17002: Expected corresponding JSX closing tag for 'SafeAreaView'.
src/screens/OrderTrackingScreen.tsx(161,9): error TS1005: ')' expected.
src/screens/OrderTrackingScreen.tsx(162,5): error TS1109: Expression expected.
src/screens/OrderTrackingScreen.tsx(163,1): error TS1128: Declaration or statement expected.
